// Jest Snapshot v1, https://goo.gl/fbAQLP

exports[`Genre should render component 1`] = `
<section
  className="game__screen"
>
  <h2
    className="game__title"
  >
    Выберите инди-рок треки
  </h2>
  <form
    className="game__tracks"
    onSubmit={[Function]}
  >
    <div
      className="track"
    >
      <div
        className="game__answer"
      >
        <input
          className="game__input visually-hidden"
          id="rock0"
          name="answer"
          onChange={[Function]}
          type="checkbox"
          value="rock"
        />
        <label
          className="game__check"
          htmlFor="rock0"
        >
          Отметить
        </label>
      </div>
    </div>
    <div
      className="track"
    >
      <div
        className="game__answer"
      >
        <input
          className="game__input visually-hidden"
          id="blues1"
          name="answer"
          onChange={[Function]}
          type="checkbox"
          value="blues"
        />
        <label
          className="game__check"
          htmlFor="blues1"
        >
          Отметить
        </label>
      </div>
    </div>
    <div
      className="track"
    >
      <div
        className="game__answer"
      >
        <input
          className="game__input visually-hidden"
          id="jazz2"
          name="answer"
          onChange={[Function]}
          type="checkbox"
          value="jazz"
        />
        <label
          className="game__check"
          htmlFor="jazz2"
        >
          Отметить
        </label>
      </div>
    </div>
    <div
      className="track"
    >
      <div
        className="game__answer"
      >
        <input
          className="game__input visually-hidden"
          id="rock3"
          name="answer"
          onChange={[Function]}
          type="checkbox"
          value="rock"
        />
        <label
          className="game__check"
          htmlFor="rock3"
        >
          Отметить
        </label>
      </div>
    </div>
    <button
      className="game__submit button"
      type="submit"
    >
      Ответить
    </button>
  </form>
</section>
`;
